Backstage passes to a TAFKAL80ETC concert, 5, 20
Backstage passes to a TAFKAL80ETC concert, 4, 23