Elixir of the Mongoose, 8, 48
Elixir of the Mongoose, 7, 47