Backstage passes to a TAFKAL80ETC concert, 1, 6
Backstage passes to a TAFKAL80ETC concert, 0, 9