Conjured Mana Cake, 9, 19
Conjured Mana Cake, 8, 18