Backstage passes to a TAFKAL80ETC concert, 5, 42
Backstage passes to a TAFKAL80ETC concert, 4, 45