Elixir of the Mongoose, 3, 0
Elixir of the Mongoose, 2, 0