Elixir of the Mongoose, 4, 27
Elixir of the Mongoose, 3, 26