Sulfuras, Hand of Ragnaros, 9, 50
Sulfuras, Hand of Ragnaros, 9, 50