Backstage passes to a TAFKAL80ETC concert, 3, 47
Backstage passes to a TAFKAL80ETC concert, 2, 50