Elixir of the Mongoose, 1, 17
Elixir of the Mongoose, 0, 16