Sulfuras, Hand of Ragnaros, 1, 25
Sulfuras, Hand of Ragnaros, 1, 25