Conjured Mana Cake, 6, 49
Conjured Mana Cake, 5, 48