Backstage passes to a TAFKAL80ETC concert, 10, 18
Backstage passes to a TAFKAL80ETC concert, 9, 20