Sulfuras, Hand of Ragnaros, 0, 16
Sulfuras, Hand of Ragnaros, 0, 16