Backstage passes to a TAFKAL80ETC concert, 5, 47
Backstage passes to a TAFKAL80ETC concert, 4, 50