Conjured Mana Cake, 3, 49
Conjured Mana Cake, 2, 48